_=gettext._
abs=standard.abs
acos=standard.acos
acosh=standard.acosh
addcslashes=standard.addcslashes
addslashes=standard.addslashes
array_change_key_case=standard.array_change_key_case
array_chunk=standard.array_chunk
array_combine=standard.array_combine
array_count_values=standard.array_count_values
array_diff=standard.array_diff
array_diff_assoc=standard.array_diff_assoc
array_diff_key=standard.array_diff_key
array_diff_uassoc=standard.array_diff_uassoc
array_diff_ukey=standard.array_diff_ukey
array_fill=standard.array_fill
array_fill_keys=standard.array_fill_keys
array_filter=standard.array_filter
array_flip=standard.array_flip
array_intersect=standard.array_intersect
array_intersect_assoc=standard.array_intersect_assoc
array_intersect_key=standard.array_intersect_key
array_intersect_uassoc=standard.array_intersect_uassoc
array_intersect_ukey=standard.array_intersect_ukey
array_key_exists=standard.array_key_exists
array_keys=standard.array_keys
array_map=standard.array_map
array_merge=standard.array_merge
array_merge_recursive=standard.array_merge_recursive
array_multisort=standard.array_multisort
array_pad=standard.array_pad
array_pop=standard.array_pop
array_product=standard.array_product
array_push=standard.array_push
array_rand=standard.array_rand
array_reduce=standard.array_reduce
array_replace=standard.array_replace
array_replace_recursive=standard.array_replace_recursive
array_reverse=standard.array_reverse
array_search=standard.array_search
array_shift=standard.array_shift
array_slice=standard.array_slice
array_splice=standard.array_splice
array_sum=standard.array_sum
array_udiff=standard.array_udiff
array_udiff_assoc=standard.array_udiff_assoc
array_udiff_uassoc=standard.array_udiff_uassoc
array_uintersect=standard.array_uintersect
array_uintersect_assoc=standard.array_uintersect_assoc
array_uintersect_uassoc=standard.array_uintersect_uassoc
array_unique=standard.array_unique
array_unshift=standard.array_unshift
array_values=standard.array_values
array_walk=standard.array_walk
array_walk_recursive=standard.array_walk_recursive
arsort=standard.arsort
asin=standard.asin
asinh=standard.asinh
asort=standard.asort
assert=standard.assert
assert_options=standard.assert_options
atan2=standard.atan2
atan=standard.atan
atanh=standard.atanh
base64_decode=standard.base64_decode
base64_encode=standard.base64_encode
base_convert=standard.base_convert
basename=standard.basename
bcadd=bcmath.bcadd
bccomp=bcmath.bccomp
bcdiv=bcmath.bcdiv
bcmod=bcmath.bcmod
bcmul=bcmath.bcmul
bcpow=bcmath.bcpow
bcpowmod=bcmath.bcpowmod
bcscale=bcmath.bcscale
bcsqrt=bcmath.bcsqrt
bcsub=bcmath.bcsub
bin2hex=standard.bin2hex
bind_textdomain_codeset=gettext.bind_textdomain_codeset
bindec=standard.bindec
bindtextdomain=gettext.bindtextdomain
birdstep_autocommit=odbc.birdstep_autocommit
birdstep_close=odbc.birdstep_close
birdstep_commit=odbc.birdstep_commit
birdstep_connect=odbc.birdstep_connect
birdstep_exec=odbc.birdstep_exec
birdstep_fetch=odbc.birdstep_fetch
birdstep_fieldname=odbc.birdstep_fieldname
birdstep_fieldnum=odbc.birdstep_fieldnum
birdstep_freeresult=odbc.birdstep_freeresult
birdstep_off_autocommit=odbc.birdstep_off_autocommit
birdstep_result=odbc.birdstep_result
birdstep_rollback=odbc.birdstep_rollback
bzclose=bz2.bzclose
bzflush=bz2.bzflush
bzwrite=bz2.bzwrite
cal_days_in_month=calendar.cal_days_in_month
cal_from_jd=calendar.cal_from_jd
cal_info=calendar.cal_info
cal_to_jd=calendar.cal_to_jd
call_user_func=standard.call_user_func
call_user_func_array=standard.call_user_func_array
call_user_method=standard.call_user_method
call_user_method_array=standard.call_user_method_array
ceil=standard.ceil
chdir=standard.chdir
checkdate=date.checkdate
checkdnsrr=standard.checkdnsrr
chgrp=standard.chgrp
chmod=standard.chmod
chop=standard.chop
chown=standard.chown
chr=standard.chr
chroot=standard.chroot
chunk_split=standard.chunk_split
class_alias=core.class_alias
class_exists=core.class_exists
class_implements=spl.class_implements
class_parents=spl.class_parents
class_uses=spl.class_uses
clearstatcache=standard.clearstatcache
close=standard.close
closedir=standard.closedir
closelog=standard.closelog
compact=standard.compact
config_get_hash=standard.config_get_hash
connection_aborted=standard.connection_aborted
connection_status=standard.connection_status
constant=standard.constant
convert_cyr_string=standard.convert_cyr_string
convert_uudecode=standard.convert_uudecode
convert_uuencode=standard.convert_uuencode
copy=standard.copy
cos=standard.cos
cosh=standard.cosh
count=standard.count
count_chars=standard.count_chars
crash=core.crash
crc32=standard.crc32
create_function=core.create_function
crypt=standard.crypt
curl_close=curl.curl_close
curl_copy_handle=curl.curl_copy_handle
curl_errno=curl.curl_errno
curl_error=curl.curl_error
curl_escape=curl.curl_escape
curl_exec=curl.curl_exec
curl_getinfo=curl.curl_getinfo
curl_init=curl.curl_init
curl_multi_add_handle=curl.curl_multi_add_handle
curl_multi_close=curl.curl_multi_close
curl_multi_exec=curl.curl_multi_exec
curl_multi_getcontent=curl.curl_multi_getcontent
curl_multi_info_read=curl.curl_multi_info_read
curl_multi_init=curl.curl_multi_init
curl_multi_remove_handle=curl.curl_multi_remove_handle
curl_multi_select=curl.curl_multi_select
curl_reset=curl.curl_reset
curl_setopt=curl.curl_setopt
curl_setopt_array=curl.curl_setopt_array
curl_share_close=curl.curl_share_close
curl_share_init=curl.curl_share_init
curl_share_setopt=curl.curl_share_setopt
curl_unescape=curl.curl_unescape
curl_version=curl.curl_version
current=standard.current
date=date.date
date_add=date.date_add
date_create=date.date_create
date_create_from_format=date.date_create_from_format
date_date_set=date.date_date_set
date_default_timezone_get=date.date_default_timezone_get
date_default_timezone_set=date.date_default_timezone_set
date_diff=date.date_diff
date_format=date.date_format
date_get_last_errors=date.date_get_last_errors
date_interval_create_from_date_string=date.date_interval_create_from_date_string
date_interval_format=date.date_interval_format
date_isodate_set=date.date_isodate_set
date_modify=date.date_modify
date_offset_get=date.date_offset_get
date_parse=date.date_parse
date_parse_from_format=date.date_parse_from_format
date_sub=date.date_sub
date_sun_info=date.date_sun_info
date_sunrise=date.date_sunrise
date_sunset=date.date_sunset
date_time_set=date.date_time_set
date_timestamp_get=date.date_timestamp_get
date_timestamp_set=date.date_timestamp_set
date_timezone_get=date.date_timezone_get
date_timezone_set=date.date_timezone_set
dba_close=dba.dba_close
dba_delete=dba.dba_delete
dba_exists=dba.dba_exists
dba_fetch=dba.dba_fetch
dba_firstkey=dba.dba_firstkey
dba_handlers=dba.dba_handlers
dba_insert=dba.dba_insert
dba_key_split=dba.dba_key_split
dba_list=dba.dba_list
dba_nextkey=dba.dba_nextkey
dba_open=dba.dba_open
dba_optimize=dba.dba_optimize
dba_popen=dba.dba_popen
dba_replace=dba.dba_replace
dba_sync=dba.dba_sync
dcgettext=gettext.dcgettext
dcngettext=gettext.dcngettext
debug_backtrace=core.debug_backtrace
debug_print_backtrace=core.debug_print_backtrace
debug_zval_dump=standard.debug_zval_dump
decbin=standard.decbin
dechex=standard.dechex
decoct=standard.decoct
define=core.define
defined=core.defined
deg2rad=standard.deg2rad
dgettext=gettext.dgettext
dir=standard.dir
dirname=standard.dirname
disk_free_space=standard.disk_free_space
disk_total_space=standard.disk_total_space
diskfreespace=standard.diskfreespace
dngettext=gettext.dngettext
dns_check_record=standard.dns_check_record
dns_get_mx=standard.dns_get_mx
dns_get_record=standard.dns_get_record
dom_attr_is_id=dom.dom_attr_is_id
dom_characterdata_append_data=dom.dom_characterdata_append_data
dom_characterdata_delete_data=dom.dom_characterdata_delete_data
dom_characterdata_insert_data=dom.dom_characterdata_insert_data
dom_characterdata_replace_data=dom.dom_characterdata_replace_data
dom_characterdata_substring_data=dom.dom_characterdata_substring_data
dom_document_adopt_node=dom.dom_document_adopt_node
dom_document_create_attribute=dom.dom_document_create_attribute
dom_document_create_attribute_ns=dom.dom_document_create_attribute_ns
dom_document_create_cdatasection=dom.dom_document_create_cdatasection
dom_document_create_comment=dom.dom_document_create_comment
dom_document_create_document_fragment=dom.dom_document_create_document_fragment
dom_document_create_element=dom.dom_document_create_element
dom_document_create_element_ns=dom.dom_document_create_element_ns
dom_document_create_entity_reference=dom.dom_document_create_entity_reference
dom_document_create_processing_instruction=dom.dom_document_create_processing_instruction
dom_document_create_text_node=dom.dom_document_create_text_node
dom_document_get_element_by_id=dom.dom_document_get_element_by_id
dom_document_get_elements_by_tag_name=dom.dom_document_get_elements_by_tag_name
dom_document_get_elements_by_tag_name_ns=dom.dom_document_get_elements_by_tag_name_ns
dom_document_import_node=dom.dom_document_import_node
dom_document_normalize_document=dom.dom_document_normalize_document
dom_document_relaxNG_validate_file=dom.dom_document_relaxNG_validate_file
dom_document_relaxNG_validate_xml=dom.dom_document_relaxNG_validate_xml
dom_document_rename_node=dom.dom_document_rename_node
dom_document_save=dom.dom_document_save
dom_document_save_html=dom.dom_document_save_html
dom_document_save_html_file=dom.dom_document_save_html_file
dom_document_savexml=dom.dom_document_savexml
dom_document_schema_validate_file=dom.dom_document_schema_validate_file
dom_document_schema_validate_xml=dom.dom_document_schema_validate_xml
dom_document_validate=dom.dom_document_validate
dom_document_xinclude=dom.dom_document_xinclude
dom_domconfiguration_can_set_parameter=dom.dom_domconfiguration_can_set_parameter
dom_domconfiguration_get_parameter=dom.dom_domconfiguration_get_parameter
dom_domconfiguration_set_parameter=dom.dom_domconfiguration_set_parameter
dom_domerrorhandler_handle_error=dom.dom_domerrorhandler_handle_error
dom_domimplementationlist_item=dom.dom_domimplementationlist_item
dom_domimplementationsource_get_domimplementation=dom.dom_domimplementationsource_get_domimplementation
dom_domimplementationsource_get_domimplementations=dom.dom_domimplementationsource_get_domimplementations
dom_domstringlist_item=dom.dom_domstringlist_item
dom_element_get_attribute=dom.dom_element_get_attribute
dom_element_get_attribute_node=dom.dom_element_get_attribute_node
dom_element_get_attribute_node_ns=dom.dom_element_get_attribute_node_ns
dom_element_get_attribute_ns=dom.dom_element_get_attribute_ns
dom_element_get_elements_by_tag_name=dom.dom_element_get_elements_by_tag_name
dom_element_get_elements_by_tag_name_ns=dom.dom_element_get_elements_by_tag_name_ns
dom_element_has_attribute=dom.dom_element_has_attribute
dom_element_has_attribute_ns=dom.dom_element_has_attribute_ns
dom_element_remove_attribute=dom.dom_element_remove_attribute
dom_element_remove_attribute_node=dom.dom_element_remove_attribute_node
dom_element_remove_attribute_ns=dom.dom_element_remove_attribute_ns
dom_element_set_attribute=dom.dom_element_set_attribute
dom_element_set_attribute_node=dom.dom_element_set_attribute_node
dom_element_set_attribute_node_ns=dom.dom_element_set_attribute_node_ns
dom_element_set_attribute_ns=dom.dom_element_set_attribute_ns
dom_element_set_id_attribute=dom.dom_element_set_id_attribute
dom_element_set_id_attribute_node=dom.dom_element_set_id_attribute_node
dom_element_set_id_attribute_ns=dom.dom_element_set_id_attribute_ns
dom_import_simplexml=dom.dom_import_simplexml
dom_namednodemap_get_named_item=dom.dom_namednodemap_get_named_item
dom_namednodemap_get_named_item_ns=dom.dom_namednodemap_get_named_item_ns
dom_namednodemap_item=dom.dom_namednodemap_item
dom_namednodemap_remove_named_item=dom.dom_namednodemap_remove_named_item
dom_namednodemap_remove_named_item_ns=dom.dom_namednodemap_remove_named_item_ns
dom_namednodemap_set_named_item=dom.dom_namednodemap_set_named_item
dom_namednodemap_set_named_item_ns=dom.dom_namednodemap_set_named_item_ns
dom_namelist_get_name=dom.dom_namelist_get_name
dom_namelist_get_namespace_uri=dom.dom_namelist_get_namespace_uri
dom_node_append_child=dom.dom_node_append_child
dom_node_clone_node=dom.dom_node_clone_node
dom_node_compare_document_position=dom.dom_node_compare_document_position
dom_node_get_feature=dom.dom_node_get_feature
dom_node_get_user_data=dom.dom_node_get_user_data
dom_node_has_attributes=dom.dom_node_has_attributes
dom_node_has_child_nodes=dom.dom_node_has_child_nodes
dom_node_insert_before=dom.dom_node_insert_before
dom_node_is_default_namespace=dom.dom_node_is_default_namespace
dom_node_is_equal_node=dom.dom_node_is_equal_node
dom_node_is_same_node=dom.dom_node_is_same_node
dom_node_is_supported=dom.dom_node_is_supported
dom_node_lookup_namespace_uri=dom.dom_node_lookup_namespace_uri
dom_node_lookup_prefix=dom.dom_node_lookup_prefix
dom_node_normalize=dom.dom_node_normalize
dom_node_remove_child=dom.dom_node_remove_child
dom_node_replace_child=dom.dom_node_replace_child
dom_node_set_user_data=dom.dom_node_set_user_data
dom_nodelist_item=dom.dom_nodelist_item
dom_string_extend_find_offset16=dom.dom_string_extend_find_offset16
dom_string_extend_find_offset32=dom.dom_string_extend_find_offset32
dom_text_is_whitespace_in_element_content=dom.dom_text_is_whitespace_in_element_content
dom_text_replace_whole_text=dom.dom_text_replace_whole_text
dom_text_split_text=dom.dom_text_split_text
dom_userdatahandler_handle=dom.dom_userdatahandler_handle
dom_xpath_evaluate=dom.dom_xpath_evaluate
dom_xpath_query=dom.dom_xpath_query
dom_xpath_register_ns=dom.dom_xpath_register_ns
dom_xpath_register_php_functions=dom.dom_xpath_register_php_functions
doubleval=standard.doubleval
each=core.each
easter_date=calendar.easter_date
easter_days=calendar.easter_days
enchant_broker_describe=enchant.enchant_broker_describe
enchant_broker_dict_exists=enchant.enchant_broker_dict_exists
enchant_broker_free=enchant.enchant_broker_free
enchant_broker_free_dict=enchant.enchant_broker_free_dict
enchant_broker_get_dict_path=enchant.enchant_broker_get_dict_path
enchant_broker_get_error=enchant.enchant_broker_get_error
enchant_broker_init=enchant.enchant_broker_init
enchant_broker_list_dicts=enchant.enchant_broker_list_dicts
enchant_broker_request_dict=enchant.enchant_broker_request_dict
enchant_broker_request_pwl_dict=enchant.enchant_broker_request_pwl_dict
enchant_broker_set_dict_path=enchant.enchant_broker_set_dict_path
enchant_broker_set_ordering=enchant.enchant_broker_set_ordering
enchant_dict_add_to_personal=enchant.enchant_dict_add_to_personal
enchant_dict_add_to_session=enchant.enchant_dict_add_to_session
enchant_dict_check=enchant.enchant_dict_check
enchant_dict_describe=enchant.enchant_dict_describe
enchant_dict_get_error=enchant.enchant_dict_get_error
enchant_dict_is_in_session=enchant.enchant_dict_is_in_session
enchant_dict_quick_check=enchant.enchant_dict_quick_check
enchant_dict_store_replacement=enchant.enchant_dict_store_replacement
enchant_dict_suggest=enchant.enchant_dict_suggest
end=standard.end
ereg=ereg.ereg
ereg_replace=ereg.ereg_replace
eregi=ereg.eregi
eregi_replace=ereg.eregi_replace
error_get_last=standard.error_get_last
error_log=standard.error_log
error_reporting=core.error_reporting
escapeshellarg=standard.escapeshellarg
escapeshellcmd=standard.escapeshellcmd
exec=standard.exec
exif_imagetype=exif.exif_imagetype
exif_read_data=exif.exif_read_data
exif_tagname=exif.exif_tagname
exif_thumbnail=exif.exif_thumbnail
exp=standard.exp
explode=standard.explode
expm1=standard.expm1
extension_loaded=core.extension_loaded
extract=standard.extract
ezmlm_hash=standard.ezmlm_hash
fbird_add_user=interbase.fbird_add_user
fbird_affected_rows=interbase.fbird_affected_rows
fbird_backup=interbase.fbird_backup
fbird_blob_add=interbase.fbird_blob_add
fbird_blob_cancel=interbase.fbird_blob_cancel
fbird_blob_close=interbase.fbird_blob_close
fbird_blob_create=interbase.fbird_blob_create
fbird_blob_echo=interbase.fbird_blob_echo
fbird_blob_get=interbase.fbird_blob_get
fbird_blob_import=interbase.fbird_blob_import
fbird_blob_info=interbase.fbird_blob_info
fbird_blob_open=interbase.fbird_blob_open
fbird_close=interbase.fbird_close
fbird_commit=interbase.fbird_commit
fbird_commit_ret=interbase.fbird_commit_ret
fbird_connect=interbase.fbird_connect
fbird_db_info=interbase.fbird_db_info
fbird_delete_user=interbase.fbird_delete_user
fbird_drop_db=interbase.fbird_drop_db
fbird_errcode=interbase.fbird_errcode
fbird_errmsg=interbase.fbird_errmsg
fbird_execute=interbase.fbird_execute
fbird_fetch_assoc=interbase.fbird_fetch_assoc
fbird_fetch_object=interbase.fbird_fetch_object
fbird_fetch_row=interbase.fbird_fetch_row
fbird_field_info=interbase.fbird_field_info
fbird_free_event_handler=interbase.fbird_free_event_handler
fbird_free_query=interbase.fbird_free_query
fbird_free_result=interbase.fbird_free_result
fbird_gen_id=interbase.fbird_gen_id
fbird_maintain_db=interbase.fbird_maintain_db
fbird_modify_user=interbase.fbird_modify_user
fbird_name_result=interbase.fbird_name_result
fbird_num_fields=interbase.fbird_num_fields
fbird_num_params=interbase.fbird_num_params
fbird_num_rows=interbase.fbird_num_rows
fbird_param_info=interbase.fbird_param_info
fbird_pconnect=interbase.fbird_pconnect
fbird_prepare=interbase.fbird_prepare
fbird_query=interbase.fbird_query
fbird_restore=interbase.fbird_restore
fbird_rollback=interbase.fbird_rollback
fbird_rollback_ret=interbase.fbird_rollback_ret
fbird_server_info=interbase.fbird_server_info
fbird_service_attach=interbase.fbird_service_attach
fbird_service_detach=interbase.fbird_service_detach
fbird_set_event_handler=interbase.fbird_set_event_handler
fbird_trans=interbase.fbird_trans
fbird_wait_event=interbase.fbird_wait_event
fgetcsv=standard.fgetcsv
file=standard.file
file_get_contents=standard.file_get_contents
file_put_contents=standard.file_put_contents
filter=standard.filter
filter_has_var=filter.filter_has_var
filter_id=filter.filter_id
filter_input=filter.filter_input
filter_input_array=filter.filter_input_array
filter_list=filter.filter_list
filter_var=filter.filter_var
filter_var_array=filter.filter_var_array
finfo_buffer=fileinfo.finfo_buffer
finfo_close=fileinfo.finfo_close
finfo_file=fileinfo.finfo_file
finfo_open=fileinfo.finfo_open
finfo_set_flags=fileinfo.finfo_set_flags
floatval=standard.floatval
flock=standard.flock
floor=standard.floor
flush=standard.flush
fmod=standard.fmod
fnmatch=standard.fnmatch
fopen=standard.fopen
forward_static_call=standard.forward_static_call
forward_static_call_array=standard.forward_static_call_array
fprintf=standard.fprintf
fputcsv=standard.fputcsv
fputs=standard.fputs
frenchtojd=calendar.frenchtojd
fscanf=standard.fscanf
fsockopen=standard.fsockopen
fstat=standard.fstat
ftok=standard.ftok
ftp_alloc=ftp.ftp_alloc
ftp_cdup=ftp.ftp_cdup
ftp_chdir=ftp.ftp_chdir
ftp_chmod=ftp.ftp_chmod
ftp_close=ftp.ftp_close
ftp_connect=ftp.ftp_connect
ftp_delete=ftp.ftp_delete
ftp_exec=ftp.ftp_exec
ftp_fget=ftp.ftp_fget
ftp_fput=ftp.ftp_fput
ftp_get=ftp.ftp_get
ftp_get_option=ftp.ftp_get_option
ftp_login=ftp.ftp_login
ftp_mdtm=ftp.ftp_mdtm
ftp_mkdir=ftp.ftp_mkdir
ftp_nb_continue=ftp.ftp_nb_continue
ftp_nb_fget=ftp.ftp_nb_fget
ftp_nb_fput=ftp.ftp_nb_fput
ftp_nb_get=ftp.ftp_nb_get
ftp_nb_put=ftp.ftp_nb_put
ftp_nlist=ftp.ftp_nlist
ftp_pasv=ftp.ftp_pasv
ftp_put=ftp.ftp_put
ftp_pwd=ftp.ftp_pwd
ftp_quit=ftp.ftp_quit
ftp_raw=ftp.ftp_raw
ftp_rawlist=ftp.ftp_rawlist
ftp_rename=ftp.ftp_rename
ftp_rmdir=ftp.ftp_rmdir
ftp_set_option=ftp.ftp_set_option
ftp_site=ftp.ftp_site
ftp_size=ftp.ftp_size
ftp_ssl_connect=ftp.ftp_ssl_connect
ftp_systype=ftp.ftp_systype
ftruncate=standard.ftruncate
func_get_arg=core.func_get_arg
func_get_args=core.func_get_args
func_num_args=core.func_num_args
function_exists=core.function_exists
gc_collect_cycles=core.gc_collect_cycles
gc_disable=core.gc_disable
gc_enable=core.gc_enable
gc_enabled=core.gc_enabled
gd_info=gd.gd_info
get_browser=standard.get_browser
get_called_class=core.get_called_class
get_cfg_var=standard.get_cfg_var
get_class=core.get_class
get_class_methods=core.get_class_methods
get_class_vars=core.get_class_vars
get_current_user=standard.get_current_user
get_declared_classes=core.get_declared_classes
get_declared_interfaces=core.get_declared_interfaces
get_declared_traits=core.get_declared_traits
get_defined_constants=core.get_defined_constants
get_defined_functions=core.get_defined_functions
get_defined_vars=core.get_defined_vars
get_extension_funcs=core.get_extension_funcs
get_headers=standard.get_headers
get_html_translation_table=standard.get_html_translation_table
get_include_path=standard.get_include_path
get_included_files=core.get_included_files
get_loaded_extensions=core.get_loaded_extensions
get_magic_quotes_gpc=standard.get_magic_quotes_gpc
get_magic_quotes_runtime=standard.get_magic_quotes_runtime
get_meta_tags=standard.get_meta_tags
get_object_vars=core.get_object_vars
get_parent_class=core.get_parent_class
get_resource_type=core.get_resource_type
getcwd=standard.getcwd
getdate=date.getdate
getdir=standard.getdir
getenv=standard.getenv
gethostbyaddr=standard.gethostbyaddr
gethostbyname=standard.gethostbyname
gethostbynamel=standard.gethostbynamel
gethostname=standard.gethostname
getimagesize=standard.getimagesize
getimagesizefromstring=standard.getimagesizefromstring
getlastmod=standard.getlastmod
getmxrr=standard.getmxrr
getmygid=standard.getmygid
getmyinode=standard.getmyinode
getmypid=standard.getmypid
getmyuid=standard.getmyuid
getopt=standard.getopt
getprotobyname=standard.getprotobyname
getprotobynumber=standard.getprotobynumber
getrandmax=standard.getrandmax
getrusage=standard.getrusage
getservbyname=standard.getservbyname
getservbyport=standard.getservbyport
gettext=gettext.gettext
gettimeofday=standard.gettimeofday
gettype=standard.gettype
glob=standard.glob
gmdate=date.gmdate
gmmktime=date.gmmktime
gmstrftime=date.gmstrftime
gregoriantojd=calendar.gregoriantojd
gzclose=zlib.gzclose
gzeof=zlib.gzeof
gzgetc=zlib.gzgetc
gzgets=zlib.gzgets
gzgetss=zlib.gzgetss
gzpassthru=zlib.gzpassthru
gzputs=zlib.gzputs
gzread=zlib.gzread
gzrewind=zlib.gzrewind
gzseek=zlib.gzseek
gztell=zlib.gztell
gzwrite=zlib.gzwrite
hash=hash.hash
hash_algos=hash.hash_algos
hash_copy=hash.hash_copy
hash_file=hash.hash_file
hash_final=hash.hash_final
hash_hmac=hash.hash_hmac
hash_hmac_file=hash.hash_hmac_file
hash_init=hash.hash_init
hash_update=hash.hash_update
hash_update_file=hash.hash_update_file
hash_update_stream=hash.hash_update_stream
header=standard.header
header_remove=standard.header_remove
headers_list=standard.headers_list
headers_sent=standard.headers_sent
hebrev=standard.hebrev
hebrevc=standard.hebrevc
hex2bin=standard.hex2bin
hexdec=standard.hexdec
highlight_file=standard.highlight_file
highlight_string=standard.highlight_string
html_entity_decode=standard.html_entity_decode
htmlentities=standard.htmlentities
htmlspecialchars=standard.htmlspecialchars
htmlspecialchars_decode=standard.htmlspecialchars_decode
http_build_query=standard.http_build_query
http_response_code=standard.http_response_code
hypot=standard.hypot
ibase_add_user=interbase.ibase_add_user
ibase_affected_rows=interbase.ibase_affected_rows
ibase_backup=interbase.ibase_backup
ibase_blob_add=interbase.ibase_blob_add
ibase_blob_cancel=interbase.ibase_blob_cancel
ibase_blob_close=interbase.ibase_blob_close
ibase_blob_create=interbase.ibase_blob_create
ibase_blob_echo=interbase.ibase_blob_echo
ibase_blob_get=interbase.ibase_blob_get
ibase_blob_import=interbase.ibase_blob_import
ibase_blob_info=interbase.ibase_blob_info
ibase_blob_open=interbase.ibase_blob_open
ibase_close=interbase.ibase_close
ibase_commit=interbase.ibase_commit
ibase_commit_ret=interbase.ibase_commit_ret
ibase_connect=interbase.ibase_connect
ibase_db_info=interbase.ibase_db_info
ibase_delete_user=interbase.ibase_delete_user
ibase_drop_db=interbase.ibase_drop_db
ibase_errcode=interbase.ibase_errcode
ibase_errmsg=interbase.ibase_errmsg
ibase_execute=interbase.ibase_execute
ibase_fetch_assoc=interbase.ibase_fetch_assoc
ibase_fetch_object=interbase.ibase_fetch_object
ibase_fetch_row=interbase.ibase_fetch_row
ibase_field_info=interbase.ibase_field_info
ibase_free_event_handler=interbase.ibase_free_event_handler
ibase_free_query=interbase.ibase_free_query
ibase_free_result=interbase.ibase_free_result
ibase_gen_id=interbase.ibase_gen_id
ibase_maintain_db=interbase.ibase_maintain_db
ibase_modify_user=interbase.ibase_modify_user
ibase_name_result=interbase.ibase_name_result
ibase_num_fields=interbase.ibase_num_fields
ibase_num_params=interbase.ibase_num_params
ibase_num_rows=interbase.ibase_num_rows
ibase_param_info=interbase.ibase_param_info
ibase_pconnect=interbase.ibase_pconnect
ibase_prepare=interbase.ibase_prepare
ibase_query=interbase.ibase_query
ibase_restore=interbase.ibase_restore
ibase_rollback=interbase.ibase_rollback
ibase_rollback_ret=interbase.ibase_rollback_ret
ibase_server_info=interbase.ibase_server_info
ibase_service_attach=interbase.ibase_service_attach
ibase_service_detach=interbase.ibase_service_detach
ibase_set_event_handler=interbase.ibase_set_event_handler
ibase_trans=interbase.ibase_trans
ibase_wait_event=interbase.ibase_wait_event
iconv=iconv.iconv
iconv_get_encoding=iconv.iconv_get_encoding
iconv_mime_decode=iconv.iconv_mime_decode
iconv_mime_decode_headers=iconv.iconv_mime_decode_headers
iconv_mime_encode=iconv.iconv_mime_encode
iconv_set_encoding=iconv.iconv_set_encoding
iconv_strlen=iconv.iconv_strlen
iconv_strpos=iconv.iconv_strpos
iconv_strrpos=iconv.iconv_strrpos
iconv_substr=iconv.iconv_substr
idate=date.idate
ignore_user_abort=standard.ignore_user_abort
image2wbmp=gd.image2wbmp
image_type_to_extension=standard.image_type_to_extension
image_type_to_mime_type=standard.image_type_to_mime_type
imagealphablending=gd.imagealphablending
imageantialias=gd.imageantialias
imagearc=gd.imagearc
imagechar=gd.imagechar
imagecharup=gd.imagecharup
imagecolorallocate=gd.imagecolorallocate
imagecolorallocatealpha=gd.imagecolorallocatealpha
imagecolorat=gd.imagecolorat
imagecolorclosest=gd.imagecolorclosest
imagecolorclosestalpha=gd.imagecolorclosestalpha
imagecolorclosesthwb=gd.imagecolorclosesthwb
imagecolordeallocate=gd.imagecolordeallocate
imagecolorexact=gd.imagecolorexact
imagecolorexactalpha=gd.imagecolorexactalpha
imagecolormatch=gd.imagecolormatch
imagecolorresolve=gd.imagecolorresolve
imagecolorresolvealpha=gd.imagecolorresolvealpha
imagecolorset=gd.imagecolorset
imagecolorsforindex=gd.imagecolorsforindex
imagecolorstotal=gd.imagecolorstotal
imagecolortransparent=gd.imagecolortransparent
imageconvolution=gd.imageconvolution
imagecopy=gd.imagecopy
imagecopymerge=gd.imagecopymerge
imagecopymergegray=gd.imagecopymergegray
imagecopyresampled=gd.imagecopyresampled
imagecopyresized=gd.imagecopyresized
imagecreate=gd.imagecreate
imagecreatefromgd2=gd.imagecreatefromgd2
imagecreatefromgd2part=gd.imagecreatefromgd2part
imagecreatefromgd=gd.imagecreatefromgd
imagecreatefromgif=gd.imagecreatefromgif
imagecreatefromjpeg=gd.imagecreatefromjpeg
imagecreatefrompng=gd.imagecreatefrompng
imagecreatefromstring=gd.imagecreatefromstring
imagecreatefromwbmp=gd.imagecreatefromwbmp
imagecreatefromwebp=gd.imagecreatefromwebp
imagecreatefromxbm=gd.imagecreatefromxbm
imagecreatefromxpm=gd.imagecreatefromxpm
imagecreatetruecolor=gd.imagecreatetruecolor
imagedashedline=gd.imagedashedline
imagedestroy=gd.imagedestroy
imageellipse=gd.imageellipse
imagefill=gd.imagefill
imagefilledarc=gd.imagefilledarc
imagefilledellipse=gd.imagefilledellipse
imagefilledpolygon=gd.imagefilledpolygon
imagefilledrectangle=gd.imagefilledrectangle
imagefilltoborder=gd.imagefilltoborder
imagefilter=gd.imagefilter
imagefontheight=gd.imagefontheight
imagefontwidth=gd.imagefontwidth
imageftbbox=gd.imageftbbox
imagefttext=gd.imagefttext
imagegammacorrect=gd.imagegammacorrect
imagegd2=gd.imagegd2
imagegd=gd.imagegd
imagegif=gd.imagegif
imagegrabscreen=gd.imagegrabscreen
imagegrabwindow=gd.imagegrabwindow
imageinterlace=gd.imageinterlace
imageistruecolor=gd.imageistruecolor
imagejpeg=gd.imagejpeg
imagelayereffect=gd.imagelayereffect
imageline=gd.imageline
imageloadfont=gd.imageloadfont
imagepalettecopy=gd.imagepalettecopy
imagepng=gd.imagepng
imagepolygon=gd.imagepolygon
imagepsbbox=gd.imagepsbbox
imagepscopyfont=gd.imagepscopyfont
imagepsencodefont=gd.imagepsencodefont
imagepsextendfont=gd.imagepsextendfont
imagepsfreefont=gd.imagepsfreefont
imagepsloadfont=gd.imagepsloadfont
imagepsslantfont=gd.imagepsslantfont
imagepstext=gd.imagepstext
imagerectangle=gd.imagerectangle
imagerotate=gd.imagerotate
imagesavealpha=gd.imagesavealpha
imagesetbrush=gd.imagesetbrush
imagesetpixel=gd.imagesetpixel
imagesetstyle=gd.imagesetstyle
imagesetthickness=gd.imagesetthickness
imagesettile=gd.imagesettile
imagestring=gd.imagestring
imagestringup=gd.imagestringup
imagesx=gd.imagesx
imagesy=gd.imagesy
imagetruecolortopalette=gd.imagetruecolortopalette
imagettfbbox=gd.imagettfbbox
imagettftext=gd.imagettftext
imagetypes=gd.imagetypes
imagewbmp=gd.imagewbmp
imagewebp=gd.imagewebp
imagexbm=gd.imagexbm
imap_8bit=imap.imap_8bit
imap_alerts=imap.imap_alerts
imap_append=imap.imap_append
imap_base64=imap.imap_base64
imap_binary=imap.imap_binary
imap_body=imap.imap_body
imap_bodystruct=imap.imap_bodystruct
imap_check=imap.imap_check
imap_clearflag_full=imap.imap_clearflag_full
imap_close=imap.imap_close
imap_create=imap.imap_create
imap_createmailbox=imap.imap_createmailbox
imap_delete=imap.imap_delete
imap_deletemailbox=imap.imap_deletemailbox
imap_errors=imap.imap_errors
imap_expunge=imap.imap_expunge
imap_fetch_overview=imap.imap_fetch_overview
imap_fetchbody=imap.imap_fetchbody
imap_fetchheader=imap.imap_fetchheader
imap_fetchmime=imap.imap_fetchmime
imap_fetchstructure=imap.imap_fetchstructure
imap_fetchtext=imap.imap_fetchtext
imap_gc=imap.imap_gc
imap_get_quota=imap.imap_get_quota
imap_get_quotaroot=imap.imap_get_quotaroot
imap_getacl=imap.imap_getacl
imap_getmailboxes=imap.imap_getmailboxes
imap_getsubscribed=imap.imap_getsubscribed
imap_header=imap.imap_header
imap_headerinfo=imap.imap_headerinfo
imap_headers=imap.imap_headers
imap_last_error=imap.imap_last_error
imap_list=imap.imap_list
imap_list_full=imap.imap_list_full
imap_listmailbox=imap.imap_listmailbox
imap_listscan=imap.imap_listscan
imap_listsubscribed=imap.imap_listsubscribed
imap_lsub=imap.imap_lsub
imap_lsub_full=imap.imap_lsub_full
imap_mail=imap.imap_mail
imap_mail_compose=imap.imap_mail_compose
imap_mail_copy=imap.imap_mail_copy
imap_mail_move=imap.imap_mail_move
imap_mailboxmsginfo=imap.imap_mailboxmsginfo
imap_mime_header_decode=imap.imap_mime_header_decode
imap_msgno=imap.imap_msgno
imap_mutf7_to_utf8=imap.imap_mutf7_to_utf8
imap_num_msg=imap.imap_num_msg
imap_num_recent=imap.imap_num_recent
imap_open=imap.imap_open
imap_ping=imap.imap_ping
imap_qprint=imap.imap_qprint
imap_rename=imap.imap_rename
imap_renamemailbox=imap.imap_renamemailbox
imap_reopen=imap.imap_reopen
imap_rfc822_parse_adrlist=imap.imap_rfc822_parse_adrlist
imap_rfc822_parse_headers=imap.imap_rfc822_parse_headers
imap_rfc822_write_address=imap.imap_rfc822_write_address
imap_savebody=imap.imap_savebody
imap_scan=imap.imap_scan
imap_scanmailbox=imap.imap_scanmailbox
imap_search=imap.imap_search
imap_set_quota=imap.imap_set_quota
imap_setacl=imap.imap_setacl
imap_setflag_full=imap.imap_setflag_full
imap_sort=imap.imap_sort
imap_status=imap.imap_status
imap_subscribe=imap.imap_subscribe
imap_thread=imap.imap_thread
imap_timeout=imap.imap_timeout
imap_uid=imap.imap_uid
imap_undelete=imap.imap_undelete
imap_unsubscribe=imap.imap_unsubscribe
imap_utf7_decode=imap.imap_utf7_decode
imap_utf7_encode=imap.imap_utf7_encode
imap_utf8=imap.imap_utf8
imap_utf8_to_mutf7=imap.imap_utf8_to_mutf7
implode=standard.implode
in_array=standard.in_array
ini_alter=standard.ini_alter
ini_get=standard.ini_get
ini_get_all=standard.ini_get_all
ini_restore=standard.ini_restore
ini_set=standard.ini_set
interface_exists=core.interface_exists
intval=standard.intval
ip2long=standard.ip2long
iptcembed=standard.iptcembed
iptcparse=standard.iptcparse
is_a=core.is_a
is_array=standard.is_array
is_bool=standard.is_bool
is_callable=standard.is_callable
is_double=standard.is_double
is_finite=standard.is_finite
is_float=standard.is_float
is_infinite=standard.is_infinite
is_int=standard.is_int
is_integer=standard.is_integer
is_long=standard.is_long
is_nan=standard.is_nan
is_null=standard.is_null
is_numeric=standard.is_numeric
is_object=standard.is_object
is_real=standard.is_real
is_resource=standard.is_resource
is_scalar=standard.is_scalar
is_soap_fault=soap.is_soap_fault
is_string=standard.is_string
is_subclass_of=core.is_subclass_of
is_uploaded_file=standard.is_uploaded_file
is_writeable=standard.is_writeable
iterator_apply=spl.iterator_apply
iterator_count=spl.iterator_count
iterator_to_array=spl.iterator_to_array
jddayofweek=calendar.jddayofweek
jdmonthname=calendar.jdmonthname
jdtofrench=calendar.jdtofrench
jdtogregorian=calendar.jdtogregorian
jdtojewish=calendar.jdtojewish
jdtojulian=calendar.jdtojulian
jdtounix=calendar.jdtounix
jewishtojd=calendar.jewishtojd
join=standard.join
jpeg2wbmp=gd.jpeg2wbmp
juliantojd=calendar.juliantojd
key=standard.key
key_exists=standard.key_exists
krsort=standard.krsort
ksort=standard.ksort
lcfirst=standard.lcfirst
lcg_value=standard.lcg_value
lchgrp=standard.lchgrp
lchown=standard.lchown
ldap_8859_to_t61=ldap.ldap_8859_to_t61
ldap_add=ldap.ldap_add
ldap_bind=ldap.ldap_bind
ldap_close=ldap.ldap_close
ldap_compare=ldap.ldap_compare
ldap_connect=ldap.ldap_connect
ldap_control_paged_result=ldap.ldap_control_paged_result
ldap_control_paged_result_response=ldap.ldap_control_paged_result_response
ldap_count_entries=ldap.ldap_count_entries
ldap_delete=ldap.ldap_delete
ldap_dn2ufn=ldap.ldap_dn2ufn
ldap_err2str=ldap.ldap_err2str
ldap_errno=ldap.ldap_errno
ldap_error=ldap.ldap_error
ldap_explode_dn=ldap.ldap_explode_dn
ldap_first_attribute=ldap.ldap_first_attribute
ldap_first_entry=ldap.ldap_first_entry
ldap_first_reference=ldap.ldap_first_reference
ldap_free_result=ldap.ldap_free_result
ldap_get_attributes=ldap.ldap_get_attributes
ldap_get_dn=ldap.ldap_get_dn
ldap_get_entries=ldap.ldap_get_entries
ldap_get_option=ldap.ldap_get_option
ldap_get_values=ldap.ldap_get_values
ldap_get_values_len=ldap.ldap_get_values_len
ldap_list=ldap.ldap_list
ldap_mod_add=ldap.ldap_mod_add
ldap_mod_del=ldap.ldap_mod_del
ldap_mod_replace=ldap.ldap_mod_replace
ldap_modify=ldap.ldap_modify
ldap_next_attribute=ldap.ldap_next_attribute
ldap_next_entry=ldap.ldap_next_entry
ldap_next_reference=ldap.ldap_next_reference
ldap_parse_reference=ldap.ldap_parse_reference
ldap_parse_result=ldap.ldap_parse_result
ldap_read=ldap.ldap_read
ldap_rename=ldap.ldap_rename
ldap_sasl_bind=ldap.ldap_sasl_bind
ldap_search=ldap.ldap_search
ldap_set_option=ldap.ldap_set_option
ldap_set_rebind_proc=ldap.ldap_set_rebind_proc
ldap_sort=ldap.ldap_sort
ldap_start_tls=ldap.ldap_start_tls
ldap_t61_to_8859=ldap.ldap_t61_to_8859
ldap_unbind=ldap.ldap_unbind
leak=core.leak
leak_variable=core.leak_variable
levenshtein=standard.levenshtein
link=standard.link
linkinfo=standard.linkinfo
locale_get_default=intl.locale_get_default
locale_set_default=intl.locale_set_default
localeconv=standard.localeconv
localtime=date.localtime
log10=standard.log10
log1p=standard.log1p
log=standard.log
long2ip=standard.long2ip
lstat=standard.lstat
ltrim=standard.ltrim
mail=standard.mail
max=standard.max
mb_check_encoding=mbstring.mb_check_encoding
mb_convert_case=mbstring.mb_convert_case
mb_convert_encoding=mbstring.mb_convert_encoding
mb_convert_kana=mbstring.mb_convert_kana
mb_convert_variables=mbstring.mb_convert_variables
mb_decode_mimeheader=mbstring.mb_decode_mimeheader
mb_decode_numericentity=mbstring.mb_decode_numericentity
mb_detect_encoding=mbstring.mb_detect_encoding
mb_detect_order=mbstring.mb_detect_order
mb_encode_mimeheader=mbstring.mb_encode_mimeheader
mb_encode_numericentity=mbstring.mb_encode_numericentity
mb_encoding_aliases=mbstring.mb_encoding_aliases
mb_ereg=mbstring.mb_ereg
mb_ereg_match=mbstring.mb_ereg_match
mb_ereg_replace=mbstring.mb_ereg_replace
mb_ereg_replace_callback=mbstring.mb_ereg_replace_callback
mb_ereg_search=mbstring.mb_ereg_search
mb_ereg_search_getpos=mbstring.mb_ereg_search_getpos
mb_ereg_search_getregs=mbstring.mb_ereg_search_getregs
mb_ereg_search_init=mbstring.mb_ereg_search_init
mb_ereg_search_pos=mbstring.mb_ereg_search_pos
mb_ereg_search_regs=mbstring.mb_ereg_search_regs
mb_ereg_search_setpos=mbstring.mb_ereg_search_setpos
mb_eregi=mbstring.mb_eregi
mb_eregi_replace=mbstring.mb_eregi_replace
mb_get_info=mbstring.mb_get_info
mb_http_input=mbstring.mb_http_input
mb_http_output=mbstring.mb_http_output
mb_internal_encoding=mbstring.mb_internal_encoding
mb_language=mbstring.mb_language
mb_list_encodings=mbstring.mb_list_encodings
mb_output_handler=mbstring.mb_output_handler
mb_parse_str=mbstring.mb_parse_str
mb_preferred_mime_name=mbstring.mb_preferred_mime_name
mb_regex_encoding=mbstring.mb_regex_encoding
mb_regex_set_options=mbstring.mb_regex_set_options
mb_send_mail=mbstring.mb_send_mail
mb_split=mbstring.mb_split
mb_strcut=mbstring.mb_strcut
mb_strimwidth=mbstring.mb_strimwidth
mb_stripos=mbstring.mb_stripos
mb_stristr=mbstring.mb_stristr
mb_strlen=mbstring.mb_strlen
mb_strpos=mbstring.mb_strpos
mb_strrchr=mbstring.mb_strrchr
mb_strrichr=mbstring.mb_strrichr
mb_strripos=mbstring.mb_strripos
mb_strrpos=mbstring.mb_strrpos
mb_strstr=mbstring.mb_strstr
mb_strtolower=mbstring.mb_strtolower
mb_strtoupper=mbstring.mb_strtoupper
mb_strwidth=mbstring.mb_strwidth
mb_substitute_character=mbstring.mb_substitute_character
mb_substr=mbstring.mb_substr
mb_substr_count=mbstring.mb_substr_count
mcrypt_cbc=mcrypt.mcrypt_cbc
mcrypt_cfb=mcrypt.mcrypt_cfb
mcrypt_create_iv=mcrypt.mcrypt_create_iv
mcrypt_decrypt=mcrypt.mcrypt_decrypt
mcrypt_ecb=mcrypt.mcrypt_ecb
mcrypt_enc_get_algorithms_name=mcrypt.mcrypt_enc_get_algorithms_name
mcrypt_enc_get_block_size=mcrypt.mcrypt_enc_get_block_size
mcrypt_enc_get_iv_size=mcrypt.mcrypt_enc_get_iv_size
mcrypt_enc_get_key_size=mcrypt.mcrypt_enc_get_key_size
mcrypt_enc_get_modes_name=mcrypt.mcrypt_enc_get_modes_name
mcrypt_enc_get_supported_key_sizes=mcrypt.mcrypt_enc_get_supported_key_sizes
mcrypt_enc_is_block_algorithm=mcrypt.mcrypt_enc_is_block_algorithm
mcrypt_enc_is_block_algorithm_mode=mcrypt.mcrypt_enc_is_block_algorithm_mode
mcrypt_enc_is_block_mode=mcrypt.mcrypt_enc_is_block_mode
mcrypt_enc_self_test=mcrypt.mcrypt_enc_self_test
mcrypt_encrypt=mcrypt.mcrypt_encrypt
mcrypt_generic=mcrypt.mcrypt_generic
mcrypt_generic_deinit=mcrypt.mcrypt_generic_deinit
mcrypt_generic_init=mcrypt.mcrypt_generic_init
mcrypt_get_block_size=mcrypt.mcrypt_get_block_size
mcrypt_get_cipher_name=mcrypt.mcrypt_get_cipher_name
mcrypt_get_iv_size=mcrypt.mcrypt_get_iv_size
mcrypt_get_key_size=mcrypt.mcrypt_get_key_size
mcrypt_list_algorithms=mcrypt.mcrypt_list_algorithms
mcrypt_list_modes=mcrypt.mcrypt_list_modes
mcrypt_module_close=mcrypt.mcrypt_module_close
mcrypt_module_get_algo_block_size=mcrypt.mcrypt_module_get_algo_block_size
mcrypt_module_get_algo_key_size=mcrypt.mcrypt_module_get_algo_key_size
mcrypt_module_get_supported_key_sizes=mcrypt.mcrypt_module_get_supported_key_sizes
mcrypt_module_is_block_algorithm=mcrypt.mcrypt_module_is_block_algorithm
mcrypt_module_is_block_algorithm_mode=mcrypt.mcrypt_module_is_block_algorithm_mode
mcrypt_module_is_block_mode=mcrypt.mcrypt_module_is_block_mode
mcrypt_module_open=mcrypt.mcrypt_module_open
mcrypt_module_self_test=mcrypt.mcrypt_module_self_test
mcrypt_ofb=mcrypt.mcrypt_ofb
md5=hash.md5
md5=standard.md5
md5_file=hash.md5_file
md5_file=standard.md5_file
mdecrypt_generic=mcrypt.mdecrypt_generic
memory_get_peak_usage=standard.memory_get_peak_usage
memory_get_usage=standard.memory_get_usage
metaphone=standard.metaphone
method_exists=core.method_exists
mhash=hash.mhash
mhash_count=hash.mhash_count
mhash_get_block_size=hash.mhash_get_block_size
mhash_get_hash_name=hash.mhash_get_hash_name
mhash_keygen_s2k=hash.mhash_keygen_s2k
microtime=standard.microtime
mime_content_type=fileinfo.mime_content_type
min=standard.min
mkdir=standard.mkdir
mktime=date.mktime
money_format=standard.money_format
move_uploaded_file=standard.move_uploaded_file
msg_get_queue=sysvmsg.msg_get_queue
msg_queue_exists=sysvmsg.msg_queue_exists
msg_receive=sysvmsg.msg_receive
msg_remove_queue=sysvmsg.msg_remove_queue
msg_send=sysvmsg.msg_send
msg_set_queue=sysvmsg.msg_set_queue
msg_stat_queue=sysvmsg.msg_stat_queue
mssql_affected_rows=sybase_ct.mssql_affected_rows
mssql_bind=mssql.mssql_bind
mssql_close=mssql.mssql_close
mssql_close=sybase_ct.mssql_close
mssql_connect=mssql.mssql_connect
mssql_connect=sybase_ct.mssql_connect
mssql_data_seek=mssql.mssql_data_seek
mssql_data_seek=sybase_ct.mssql_data_seek
mssql_deadlock_retry_count=sybase_ct.mssql_deadlock_retry_count
mssql_execute=mssql.mssql_execute
mssql_fetch_array=mssql.mssql_fetch_array
mssql_fetch_array=sybase_ct.mssql_fetch_array
mssql_fetch_assoc=mssql.mssql_fetch_assoc
mssql_fetch_assoc=sybase_ct.mssql_fetch_assoc
mssql_fetch_batch=mssql.mssql_fetch_batch
mssql_fetch_field=mssql.mssql_fetch_field
mssql_fetch_field=sybase_ct.mssql_fetch_field
mssql_fetch_object=mssql.mssql_fetch_object
mssql_fetch_object=sybase_ct.mssql_fetch_object
mssql_fetch_row=mssql.mssql_fetch_row
mssql_fetch_row=sybase_ct.mssql_fetch_row
mssql_field_length=mssql.mssql_field_length
mssql_field_name=mssql.mssql_field_name
mssql_field_seek=mssql.mssql_field_seek
mssql_field_seek=sybase_ct.mssql_field_seek
mssql_field_type=mssql.mssql_field_type
mssql_free_result=mssql.mssql_free_result
mssql_free_result=sybase_ct.mssql_free_result
mssql_free_statement=mssql.mssql_free_statement
mssql_get_last_message=mssql.mssql_get_last_message
mssql_get_last_message=sybase_ct.mssql_get_last_message
mssql_guid_string=mssql.mssql_guid_string
mssql_init=mssql.mssql_init
mssql_min_client_severity=sybase_ct.mssql_min_client_severity
mssql_min_error_severity=mssql.mssql_min_error_severity
mssql_min_message_severity=mssql.mssql_min_message_severity
mssql_min_server_severity=sybase_ct.mssql_min_server_severity
mssql_next_result=mssql.mssql_next_result
mssql_num_fields=mssql.mssql_num_fields
mssql_num_fields=sybase_ct.mssql_num_fields
mssql_num_rows=mssql.mssql_num_rows
mssql_num_rows=sybase_ct.mssql_num_rows
mssql_pconnect=mssql.mssql_pconnect
mssql_pconnect=sybase_ct.mssql_pconnect
mssql_query=mssql.mssql_query
mssql_query=sybase_ct.mssql_query
mssql_result=mssql.mssql_result
mssql_result=sybase_ct.mssql_result
mssql_rows_affected=mssql.mssql_rows_affected
mssql_select_db=mssql.mssql_select_db
mssql_select_db=sybase_ct.mssql_select_db
mssql_set_message_handler=sybase_ct.mssql_set_message_handler
mssql_unbuffered_query=sybase_ct.mssql_unbuffered_query
mt_getrandmax=standard.mt_getrandmax
mt_rand=standard.mt_rand
mt_srand=standard.mt_srand
mysql=mysql.mysql
mysql_affected_rows=mysql.mysql_affected_rows
mysql_client_encoding=mysql.mysql_client_encoding
mysql_close=mysql.mysql_close
mysql_connect=mysql.mysql_connect
mysql_create_db=mysql.mysql_create_db
mysql_data_seek=mysql.mysql_data_seek
mysql_db_name=mysql.mysql_db_name
mysql_db_query=mysql.mysql_db_query
mysql_dbname=mysql.mysql_dbname
mysql_drop_db=mysql.mysql_drop_db
mysql_errno=mysql.mysql_errno
mysql_error=mysql.mysql_error
mysql_escape_string=mysql.mysql_escape_string
mysql_fetch_array=mysql.mysql_fetch_array
mysql_fetch_assoc=mysql.mysql_fetch_assoc
mysql_fetch_field=mysql.mysql_fetch_field
mysql_fetch_lengths=mysql.mysql_fetch_lengths
mysql_fetch_object=mysql.mysql_fetch_object
mysql_fetch_row=mysql.mysql_fetch_row
mysql_field_flags=mysql.mysql_field_flags
mysql_field_len=mysql.mysql_field_len
mysql_field_name=mysql.mysql_field_name
mysql_field_seek=mysql.mysql_field_seek
mysql_field_table=mysql.mysql_field_table
mysql_field_type=mysql.mysql_field_type
mysql_fieldflags=mysql.mysql_fieldflags
mysql_fieldlen=mysql.mysql_fieldlen
mysql_fieldname=mysql.mysql_fieldname
mysql_fieldtable=mysql.mysql_fieldtable
mysql_fieldtype=mysql.mysql_fieldtype
mysql_free_result=mysql.mysql_free_result
mysql_freeresult=mysql.mysql_freeresult
mysql_get_client_info=mysql.mysql_get_client_info
mysql_get_host_info=mysql.mysql_get_host_info
mysql_get_proto_info=mysql.mysql_get_proto_info
mysql_get_server_info=mysql.mysql_get_server_info
mysql_info=mysql.mysql_info
mysql_insert_id=mysql.mysql_insert_id
mysql_list_dbs=mysql.mysql_list_dbs
mysql_list_fields=mysql.mysql_list_fields
mysql_list_processes=mysql.mysql_list_processes
mysql_list_tables=mysql.mysql_list_tables
mysql_listdbs=mysql.mysql_listdbs
mysql_listfields=mysql.mysql_listfields
mysql_num_fields=mysql.mysql_num_fields
mysql_num_rows=mysql.mysql_num_rows
mysql_numfields=mysql.mysql_numfields
mysql_numrows=mysql.mysql_numrows
mysql_pconnect=mysql.mysql_pconnect
mysql_ping=mysql.mysql_ping
mysql_query=mysql.mysql_query
mysql_real_escape_string=mysql.mysql_real_escape_string
mysql_result=mysql.mysql_result
mysql_select_db=mysql.mysql_select_db
mysql_selectdb=mysql.mysql_selectdb
mysql_set_charset=mysql.mysql_set_charset
mysql_stat=mysql.mysql_stat
mysql_table_name=mysql.mysql_table_name
mysql_tablename=mysql.mysql_tablename
mysql_thread_id=mysql.mysql_thread_id
mysql_unbuffered_query=mysql.mysql_unbuffered_query
mysqli_affected_rows=mysqli.mysqli_affected_rows
mysqli_autocommit=mysqli.mysqli_autocommit
mysqli_change_user=mysqli.mysqli_change_user
mysqli_character_set_name=mysqli.mysqli_character_set_name
mysqli_close=mysqli.mysqli_close
mysqli_commit=mysqli.mysqli_commit
mysqli_connect=mysqli.mysqli_connect
mysqli_connect_errno=mysqli.mysqli_connect_errno
mysqli_connect_error=mysqli.mysqli_connect_error
mysqli_data_seek=mysqli.mysqli_data_seek
mysqli_debug=mysqli.mysqli_debug
mysqli_dump_debug_info=mysqli.mysqli_dump_debug_info
mysqli_embedded_server_end=mysqli.mysqli_embedded_server_end
mysqli_embedded_server_start=mysqli.mysqli_embedded_server_start
mysqli_errno=mysqli.mysqli_errno
mysqli_error=mysqli.mysqli_error
mysqli_error_list=mysqli.mysqli_error_list
mysqli_fetch_all=mysqli.mysqli_fetch_all
mysqli_fetch_array=mysqli.mysqli_fetch_array
mysqli_fetch_assoc=mysqli.mysqli_fetch_assoc
mysqli_fetch_field=mysqli.mysqli_fetch_field
mysqli_fetch_field_direct=mysqli.mysqli_fetch_field_direct
mysqli_fetch_fields=mysqli.mysqli_fetch_fields
mysqli_fetch_lengths=mysqli.mysqli_fetch_lengths
mysqli_fetch_object=mysqli.mysqli_fetch_object
mysqli_fetch_row=mysqli.mysqli_fetch_row
mysqli_field_count=mysqli.mysqli_field_count
mysqli_field_seek=mysqli.mysqli_field_seek
mysqli_field_tell=mysqli.mysqli_field_tell
mysqli_free_result=mysqli.mysqli_free_result
mysqli_get_charset=mysqli.mysqli_get_charset
mysqli_get_client_info=mysqli.mysqli_get_client_info
mysqli_get_client_stats=mysqli.mysqli_get_client_stats
mysqli_get_client_version=mysqli.mysqli_get_client_version
mysqli_get_connection_stats=mysqli.mysqli_get_connection_stats
mysqli_get_host_info=mysqli.mysqli_get_host_info
mysqli_get_proto_info=mysqli.mysqli_get_proto_info
mysqli_get_server_info=mysqli.mysqli_get_server_info
mysqli_get_server_version=mysqli.mysqli_get_server_version
mysqli_get_warnings=mysqli.mysqli_get_warnings
mysqli_info=mysqli.mysqli_info
mysqli_init=mysqli.mysqli_init
mysqli_insert_id=mysqli.mysqli_insert_id
mysqli_kill=mysqli.mysqli_kill
mysqli_link_construct=mysqli.mysqli_link_construct
mysqli_more_results=mysqli.mysqli_more_results
mysqli_multi_query=mysqli.mysqli_multi_query
mysqli_next_result=mysqli.mysqli_next_result
mysqli_num_fields=mysqli.mysqli_num_fields
mysqli_num_rows=mysqli.mysqli_num_rows
mysqli_options=mysqli.mysqli_options
mysqli_ping=mysqli.mysqli_ping
mysqli_poll=mysqli.mysqli_poll
mysqli_prepare=mysqli.mysqli_prepare
mysqli_query=mysqli.mysqli_query
mysqli_real_connect=mysqli.mysqli_real_connect
mysqli_real_escape_string=mysqli.mysqli_real_escape_string
mysqli_real_query=mysqli.mysqli_real_query
mysqli_reap_async_query=mysqli.mysqli_reap_async_query
mysqli_refresh=mysqli.mysqli_refresh
mysqli_report=mysqli.mysqli_report
mysqli_result_construct=mysqli.mysqli_result_construct
mysqli_rollback=mysqli.mysqli_rollback
mysqli_select_db=mysqli.mysqli_select_db
mysqli_set_charset=mysqli.mysqli_set_charset
mysqli_set_local_infile_default=mysqli.mysqli_set_local_infile_default
mysqli_set_local_infile_handler=mysqli.mysqli_set_local_infile_handler
mysqli_sqlstate=mysqli.mysqli_sqlstate
mysqli_ssl_set=mysqli.mysqli_ssl_set
mysqli_stat=mysqli.mysqli_stat
mysqli_stmt_affected_rows=mysqli.mysqli_stmt_affected_rows
mysqli_stmt_attr_get=mysqli.mysqli_stmt_attr_get
mysqli_stmt_attr_set=mysqli.mysqli_stmt_attr_set
mysqli_stmt_bind_param=mysqli.mysqli_stmt_bind_param
mysqli_stmt_bind_result=mysqli.mysqli_stmt_bind_result
mysqli_stmt_close=mysqli.mysqli_stmt_close
mysqli_stmt_construct=mysqli.mysqli_stmt_construct
mysqli_stmt_data_seek=mysqli.mysqli_stmt_data_seek
mysqli_stmt_errno=mysqli.mysqli_stmt_errno
mysqli_stmt_error=mysqli.mysqli_stmt_error
mysqli_stmt_error_list=mysqli.mysqli_stmt_error_list
mysqli_stmt_execute=mysqli.mysqli_stmt_execute
mysqli_stmt_fetch=mysqli.mysqli_stmt_fetch
mysqli_stmt_field_count=mysqli.mysqli_stmt_field_count
mysqli_stmt_free_result=mysqli.mysqli_stmt_free_result
mysqli_stmt_get_result=mysqli.mysqli_stmt_get_result
mysqli_stmt_get_warnings=mysqli.mysqli_stmt_get_warnings
mysqli_stmt_init=mysqli.mysqli_stmt_init
mysqli_stmt_insert_id=mysqli.mysqli_stmt_insert_id
mysqli_stmt_more_results=mysqli.mysqli_stmt_more_results
mysqli_stmt_next_result=mysqli.mysqli_stmt_next_result
mysqli_stmt_num_rows=mysqli.mysqli_stmt_num_rows
mysqli_stmt_param_count=mysqli.mysqli_stmt_param_count
mysqli_stmt_prepare=mysqli.mysqli_stmt_prepare
mysqli_stmt_reset=mysqli.mysqli_stmt_reset
mysqli_stmt_result_metadata=mysqli.mysqli_stmt_result_metadata
mysqli_stmt_send_long_data=mysqli.mysqli_stmt_send_long_data
mysqli_stmt_sqlstate=mysqli.mysqli_stmt_sqlstate
mysqli_stmt_store_result=mysqli.mysqli_stmt_store_result
mysqli_store_result=mysqli.mysqli_store_result
mysqli_thread_id=mysqli.mysqli_thread_id
mysqli_thread_safe=mysqli.mysqli_thread_safe
mysqli_use_result=mysqli.mysqli_use_result
mysqli_warning_count=mysqli.mysqli_warning_count
natcasesort=standard.natcasesort
natsort=standard.natsort
next=standard.next
ngettext=gettext.ngettext
nl2br=standard.nl2br
nl_langinfo=standard.nl_langinfo
number_format=standard.number_format
oci_bind_array_by_name=oci8.oci_bind_array_by_name
oci_bind_by_name=oci8.oci_bind_by_name
oci_cancel=oci8.oci_cancel
oci_client_version=oci8.oci_client_version
oci_close=oci8.oci_close
oci_collection_append=oci8.oci_collection_append
oci_collection_assign=oci8.oci_collection_assign
oci_collection_element_assign=oci8.oci_collection_element_assign
oci_collection_element_get=oci8.oci_collection_element_get
oci_collection_max=oci8.oci_collection_max
oci_collection_size=oci8.oci_collection_size
oci_collection_trim=oci8.oci_collection_trim
oci_commit=oci8.oci_commit
oci_connect=oci8.oci_connect
oci_define_by_name=oci8.oci_define_by_name
oci_error=oci8.oci_error
oci_execute=oci8.oci_execute
oci_fetch=oci8.oci_fetch
oci_fetch_all=oci8.oci_fetch_all
oci_fetch_array=oci8.oci_fetch_array
oci_fetch_assoc=oci8.oci_fetch_assoc
oci_fetch_object=oci8.oci_fetch_object
oci_fetch_row=oci8.oci_fetch_row
oci_field_is_null=oci8.oci_field_is_null
oci_field_name=oci8.oci_field_name
oci_field_precision=oci8.oci_field_precision
oci_field_scale=oci8.oci_field_scale
oci_field_size=oci8.oci_field_size
oci_field_type=oci8.oci_field_type
oci_field_type_raw=oci8.oci_field_type_raw
oci_free_collection=oci8.oci_free_collection
oci_free_descriptor=oci8.oci_free_descriptor
oci_free_statement=oci8.oci_free_statement
oci_internal_debug=oci8.oci_internal_debug
oci_lob_append=oci8.oci_lob_append
oci_lob_close=oci8.oci_lob_close
oci_lob_copy=oci8.oci_lob_copy
oci_lob_eof=oci8.oci_lob_eof
oci_lob_erase=oci8.oci_lob_erase
oci_lob_export=oci8.oci_lob_export
oci_lob_flush=oci8.oci_lob_flush
oci_lob_import=oci8.oci_lob_import
oci_lob_is_equal=oci8.oci_lob_is_equal
oci_lob_load=oci8.oci_lob_load
oci_lob_read=oci8.oci_lob_read
oci_lob_rewind=oci8.oci_lob_rewind
oci_lob_save=oci8.oci_lob_save
oci_lob_seek=oci8.oci_lob_seek
oci_lob_size=oci8.oci_lob_size
oci_lob_tell=oci8.oci_lob_tell
oci_lob_truncate=oci8.oci_lob_truncate
oci_lob_write=oci8.oci_lob_write
oci_lob_write_temporary=oci8.oci_lob_write_temporary
oci_new_collection=oci8.oci_new_collection
oci_new_connect=oci8.oci_new_connect
oci_new_cursor=oci8.oci_new_cursor
oci_new_descriptor=oci8.oci_new_descriptor
oci_num_fields=oci8.oci_num_fields
oci_num_rows=oci8.oci_num_rows
oci_parse=oci8.oci_parse
oci_password_change=oci8.oci_password_change
oci_pconnect=oci8.oci_pconnect
oci_result=oci8.oci_result
oci_rollback=oci8.oci_rollback
oci_server_version=oci8.oci_server_version
oci_set_action=oci8.oci_set_action
oci_set_client_identifier=oci8.oci_set_client_identifier
oci_set_client_info=oci8.oci_set_client_info
oci_set_edition=oci8.oci_set_edition
oci_set_module_name=oci8.oci_set_module_name
oci_set_prefetch=oci8.oci_set_prefetch
oci_statement_type=oci8.oci_statement_type
ocifetchinto=oci8.ocifetchinto
ocifetchstatement=oci8.ocifetchstatement
ocigetbufferinglob=oci8.ocigetbufferinglob
ocisetbufferinglob=oci8.ocisetbufferinglob
octdec=standard.octdec
odbc_autocommit=odbc.odbc_autocommit
odbc_binmode=odbc.odbc_binmode
odbc_close=odbc.odbc_close
odbc_close_all=odbc.odbc_close_all
odbc_columnprivileges=odbc.odbc_columnprivileges
odbc_columns=odbc.odbc_columns
odbc_commit=odbc.odbc_commit
odbc_connect=odbc.odbc_connect
odbc_cursor=odbc.odbc_cursor
odbc_data_source=odbc.odbc_data_source
odbc_do=odbc.odbc_do
odbc_error=odbc.odbc_error
odbc_errormsg=odbc.odbc_errormsg
odbc_exec=odbc.odbc_exec
odbc_execute=odbc.odbc_execute
odbc_fetch_array=odbc.odbc_fetch_array
odbc_fetch_into=odbc.odbc_fetch_into
odbc_fetch_object=odbc.odbc_fetch_object
odbc_fetch_row=odbc.odbc_fetch_row
odbc_field_len=odbc.odbc_field_len
odbc_field_name=odbc.odbc_field_name
odbc_field_num=odbc.odbc_field_num
odbc_field_precision=odbc.odbc_field_precision
odbc_field_scale=odbc.odbc_field_scale
odbc_field_type=odbc.odbc_field_type
odbc_foreignkeys=odbc.odbc_foreignkeys
odbc_free_result=odbc.odbc_free_result
odbc_gettypeinfo=odbc.odbc_gettypeinfo
odbc_longreadlen=odbc.odbc_longreadlen
odbc_next_result=odbc.odbc_next_result
odbc_num_fields=odbc.odbc_num_fields
odbc_num_rows=odbc.odbc_num_rows
odbc_pconnect=odbc.odbc_pconnect
odbc_prepare=odbc.odbc_prepare
odbc_primarykeys=odbc.odbc_primarykeys
odbc_procedurecolumns=odbc.odbc_procedurecolumns
odbc_procedures=odbc.odbc_procedures
odbc_result=odbc.odbc_result
odbc_result_all=odbc.odbc_result_all
odbc_rollback=odbc.odbc_rollback
odbc_setoption=odbc.odbc_setoption
odbc_specialcolumns=odbc.odbc_specialcolumns
odbc_statistics=odbc.odbc_statistics
odbc_tableprivileges=odbc.odbc_tableprivileges
odbc_tables=odbc.odbc_tables
onClose=standard.onClose
onCreate=standard.onCreate
opendir=standard.opendir
openlog=standard.openlog
openssl_cipher_iv_length=openssl.openssl_cipher_iv_length
openssl_csr_export=openssl.openssl_csr_export
openssl_csr_export_to_file=openssl.openssl_csr_export_to_file
openssl_csr_get_public_key=openssl.openssl_csr_get_public_key
openssl_csr_get_subject=openssl.openssl_csr_get_subject
openssl_csr_new=openssl.openssl_csr_new
openssl_csr_sign=openssl.openssl_csr_sign
openssl_decrypt=openssl.openssl_decrypt
openssl_dh_compute_key=openssl.openssl_dh_compute_key
openssl_digest=openssl.openssl_digest
openssl_encrypt=openssl.openssl_encrypt
openssl_error_string=openssl.openssl_error_string
openssl_free_key=openssl.openssl_free_key
openssl_get_cipher_methods=openssl.openssl_get_cipher_methods
openssl_get_md_methods=openssl.openssl_get_md_methods
openssl_get_privatekey=openssl.openssl_get_privatekey
openssl_get_publickey=openssl.openssl_get_publickey
openssl_open=openssl.openssl_open
openssl_pkcs12_export=openssl.openssl_pkcs12_export
openssl_pkcs12_export_to_file=openssl.openssl_pkcs12_export_to_file
openssl_pkcs12_read=openssl.openssl_pkcs12_read
openssl_pkcs7_decrypt=openssl.openssl_pkcs7_decrypt
openssl_pkcs7_encrypt=openssl.openssl_pkcs7_encrypt
openssl_pkcs7_sign=openssl.openssl_pkcs7_sign
openssl_pkcs7_verify=openssl.openssl_pkcs7_verify
openssl_pkey_export=openssl.openssl_pkey_export
openssl_pkey_export_to_file=openssl.openssl_pkey_export_to_file
openssl_pkey_free=openssl.openssl_pkey_free
openssl_pkey_get_details=openssl.openssl_pkey_get_details
openssl_pkey_get_private=openssl.openssl_pkey_get_private
openssl_pkey_get_public=openssl.openssl_pkey_get_public
openssl_pkey_new=openssl.openssl_pkey_new
openssl_private_decrypt=openssl.openssl_private_decrypt
openssl_private_encrypt=openssl.openssl_private_encrypt
openssl_public_decrypt=openssl.openssl_public_decrypt
openssl_public_encrypt=openssl.openssl_public_encrypt
openssl_random_pseudo_bytes=openssl.openssl_random_pseudo_bytes
openssl_seal=openssl.openssl_seal
openssl_sign=openssl.openssl_sign
openssl_verify=openssl.openssl_verify
openssl_x509_check_private_key=openssl.openssl_x509_check_private_key
openssl_x509_checkpurpose=openssl.openssl_x509_checkpurpose
openssl_x509_export=openssl.openssl_x509_export
openssl_x509_export_to_file=openssl.openssl_x509_export_to_file
openssl_x509_free=openssl.openssl_x509_free
openssl_x509_parse=openssl.openssl_x509_parse
openssl_x509_read=openssl.openssl_x509_read
ord=standard.ord
pack=standard.pack
parse_ini_file=standard.parse_ini_file
parse_ini_string=standard.parse_ini_string
parse_str=standard.parse_str
parse_url=standard.parse_url
passthru=standard.passthru
pathinfo=standard.pathinfo
pclose=standard.pclose
pcntl_alarm=pcntl.pcntl_alarm
pcntl_errno=pcntl.pcntl_errno
pcntl_exec=pcntl.pcntl_exec
pcntl_fork=pcntl.pcntl_fork
pcntl_get_last_error=pcntl.pcntl_get_last_error
pcntl_getpriority=pcntl.pcntl_getpriority
pcntl_setpriority=pcntl.pcntl_setpriority
pcntl_signal=pcntl.pcntl_signal
pcntl_signal_dispatch=pcntl.pcntl_signal_dispatch
pcntl_sigprocmask=pcntl.pcntl_sigprocmask
pcntl_sigtimedwait=pcntl.pcntl_sigtimedwait
pcntl_sigwaitinfo=pcntl.pcntl_sigwaitinfo
pcntl_strerror=pcntl.pcntl_strerror
pcntl_wait=pcntl.pcntl_wait
pcntl_waitpid=pcntl.pcntl_waitpid
pcntl_wexitstatus=pcntl.pcntl_wexitstatus
pcntl_wifexited=pcntl.pcntl_wifexited
pcntl_wifsignaled=pcntl.pcntl_wifsignaled
pcntl_wifstopped=pcntl.pcntl_wifstopped
pcntl_wstopsig=pcntl.pcntl_wstopsig
pcntl_wtermsig=pcntl.pcntl_wtermsig
pdo_drivers=pdo.pdo_drivers
pfsockopen=standard.pfsockopen
pg_affected_rows=pgsql.pg_affected_rows
pg_cancel_query=pgsql.pg_cancel_query
pg_client_encoding=pgsql.pg_client_encoding
pg_clientencoding=pgsql.pg_clientencoding
pg_close=pgsql.pg_close
pg_cmdtuples=pgsql.pg_cmdtuples
pg_connect=pgsql.pg_connect
pg_connection_busy=pgsql.pg_connection_busy
pg_connection_reset=pgsql.pg_connection_reset
pg_connection_status=pgsql.pg_connection_status
pg_convert=pgsql.pg_convert
pg_copy_from=pgsql.pg_copy_from
pg_copy_to=pgsql.pg_copy_to
pg_dbname=pgsql.pg_dbname
pg_delete=pgsql.pg_delete
pg_end_copy=pgsql.pg_end_copy
pg_errormessage=pgsql.pg_errormessage
pg_escape_bytea=pgsql.pg_escape_bytea
pg_escape_identifier=pgsql.pg_escape_identifier
pg_escape_literal=pgsql.pg_escape_literal
pg_escape_string=pgsql.pg_escape_string
pg_exec=pgsql.pg_exec
pg_execute=pgsql.pg_execute
pg_fetch_all=pgsql.pg_fetch_all
pg_fetch_all_columns=pgsql.pg_fetch_all_columns
pg_fetch_array=pgsql.pg_fetch_array
pg_fetch_assoc=pgsql.pg_fetch_assoc
pg_fetch_object=pgsql.pg_fetch_object
pg_fetch_result=pgsql.pg_fetch_result
pg_fetch_row=pgsql.pg_fetch_row
pg_field_is_null=pgsql.pg_field_is_null
pg_field_name=pgsql.pg_field_name
pg_field_num=pgsql.pg_field_num
pg_field_prtlen=pgsql.pg_field_prtlen
pg_field_size=pgsql.pg_field_size
pg_field_table=pgsql.pg_field_table
pg_field_type=pgsql.pg_field_type
pg_field_type_oid=pgsql.pg_field_type_oid
pg_fieldisnull=pgsql.pg_fieldisnull
pg_fieldname=pgsql.pg_fieldname
pg_fieldnum=pgsql.pg_fieldnum
pg_fieldprtlen=pgsql.pg_fieldprtlen
pg_fieldsize=pgsql.pg_fieldsize
pg_fieldtype=pgsql.pg_fieldtype
pg_free_result=pgsql.pg_free_result
pg_freeresult=pgsql.pg_freeresult
pg_get_notify=pgsql.pg_get_notify
pg_get_pid=pgsql.pg_get_pid
pg_get_result=pgsql.pg_get_result
pg_getlastoid=pgsql.pg_getlastoid
pg_host=pgsql.pg_host
pg_insert=pgsql.pg_insert
pg_last_error=pgsql.pg_last_error
pg_last_notice=pgsql.pg_last_notice
pg_last_oid=pgsql.pg_last_oid
pg_lo_close=pgsql.pg_lo_close
pg_lo_create=pgsql.pg_lo_create
pg_lo_export=pgsql.pg_lo_export
pg_lo_import=pgsql.pg_lo_import
pg_lo_open=pgsql.pg_lo_open
pg_lo_read=pgsql.pg_lo_read
pg_lo_read_all=pgsql.pg_lo_read_all
pg_lo_seek=pgsql.pg_lo_seek
pg_lo_tell=pgsql.pg_lo_tell
pg_lo_unlink=pgsql.pg_lo_unlink
pg_lo_write=pgsql.pg_lo_write
pg_loclose=pgsql.pg_loclose
pg_locreate=pgsql.pg_locreate
pg_loexport=pgsql.pg_loexport
pg_loimport=pgsql.pg_loimport
pg_loopen=pgsql.pg_loopen
pg_loread=pgsql.pg_loread
pg_loreadall=pgsql.pg_loreadall
pg_lounlink=pgsql.pg_lounlink
pg_lowrite=pgsql.pg_lowrite
pg_meta_data=pgsql.pg_meta_data
pg_num_fields=pgsql.pg_num_fields
pg_num_rows=pgsql.pg_num_rows
pg_numfields=pgsql.pg_numfields
pg_numrows=pgsql.pg_numrows
pg_options=pgsql.pg_options
pg_parameter_status=pgsql.pg_parameter_status
pg_pconnect=pgsql.pg_pconnect
pg_ping=pgsql.pg_ping
pg_port=pgsql.pg_port
pg_prepare=pgsql.pg_prepare
pg_put_line=pgsql.pg_put_line
pg_query=pgsql.pg_query
pg_query_params=pgsql.pg_query_params
pg_result=pgsql.pg_result
pg_result_error=pgsql.pg_result_error
pg_result_error_field=pgsql.pg_result_error_field
pg_result_seek=pgsql.pg_result_seek
pg_result_status=pgsql.pg_result_status
pg_select=pgsql.pg_select
pg_send_execute=pgsql.pg_send_execute
pg_send_prepare=pgsql.pg_send_prepare
pg_send_query=pgsql.pg_send_query
pg_send_query_params=pgsql.pg_send_query_params
pg_set_client_encoding=pgsql.pg_set_client_encoding
pg_set_error_verbosity=pgsql.pg_set_error_verbosity
pg_setclientencoding=pgsql.pg_setclientencoding
pg_trace=pgsql.pg_trace
pg_transaction_status=pgsql.pg_transaction_status
pg_tty=pgsql.pg_tty
pg_unescape_bytea=pgsql.pg_unescape_bytea
pg_untrace=pgsql.pg_untrace
pg_update=pgsql.pg_update
pg_version=pgsql.pg_version
php_egg_logo_guid=standard.php_egg_logo_guid
php_ini_loaded_file=standard.php_ini_loaded_file
php_ini_scanned_files=standard.php_ini_scanned_files
php_logo_guid=standard.php_logo_guid
php_real_logo_guid=standard.php_real_logo_guid
php_sapi_name=standard.php_sapi_name
php_strip_whitespace=standard.php_strip_whitespace
php_uname=standard.php_uname
phpcredits=standard.phpcredits
phpinfo=standard.phpinfo
phpversion=standard.phpversion
pi=standard.pi
png2wbmp=gd.png2wbmp
popen=standard.popen
pos=standard.pos
posix_access=posix.posix_access
posix_ctermid=posix.posix_ctermid
posix_errno=posix.posix_errno
posix_get_last_error=posix.posix_get_last_error
posix_getcwd=posix.posix_getcwd
posix_getegid=posix.posix_getegid
posix_geteuid=posix.posix_geteuid
posix_getgid=posix.posix_getgid
posix_getgrgid=posix.posix_getgrgid
posix_getgrnam=posix.posix_getgrnam
posix_getgroups=posix.posix_getgroups
posix_getlogin=posix.posix_getlogin
posix_getpgid=posix.posix_getpgid
posix_getpgrp=posix.posix_getpgrp
posix_getpid=posix.posix_getpid
posix_getppid=posix.posix_getppid
posix_getpwnam=posix.posix_getpwnam
posix_getpwuid=posix.posix_getpwuid
posix_getrlimit=posix.posix_getrlimit
posix_getsid=posix.posix_getsid
posix_getuid=posix.posix_getuid
posix_initgroups=posix.posix_initgroups
posix_isatty=posix.posix_isatty
posix_kill=posix.posix_kill
posix_mkfifo=posix.posix_mkfifo
posix_mknod=posix.posix_mknod
posix_setegid=posix.posix_setegid
posix_seteuid=posix.posix_seteuid
posix_setgid=posix.posix_setgid
posix_setpgid=posix.posix_setpgid
posix_setsid=posix.posix_setsid
posix_setuid=posix.posix_setuid
posix_strerror=posix.posix_strerror
posix_times=posix.posix_times
posix_ttyname=posix.posix_ttyname
posix_uname=posix.posix_uname
pow=standard.pow
prev=standard.prev
print_r=standard.print_r
printf=standard.printf
proc_close=standard.proc_close
proc_get_status=standard.proc_get_status
proc_nice=standard.proc_nice
proc_open=standard.proc_open
proc_terminate=standard.proc_terminate
property_exists=core.property_exists
putenv=standard.putenv
quoted_printable_decode=standard.quoted_printable_decode
quoted_printable_encode=standard.quoted_printable_encode
quotemeta=standard.quotemeta
rad2deg=standard.rad2deg
rand=standard.rand
range=standard.range
rawurldecode=standard.rawurldecode
rawurlencode=standard.rawurlencode
read=standard.read
read_exif_data=exif.read_exif_data
readdir=standard.readdir
readfile=standard.readfile
readline=readline.readline
readline_add_history=readline.readline_add_history
readline_callback_handler_install=readline.readline_callback_handler_install
readline_callback_handler_remove=readline.readline_callback_handler_remove
readline_callback_read_char=readline.readline_callback_read_char
readline_clear_history=readline.readline_clear_history
readline_completion_function=readline.readline_completion_function
readline_info=readline.readline_info
readline_list_history=readline.readline_list_history
readline_on_new_line=readline.readline_on_new_line
readline_read_history=readline.readline_read_history
readline_redisplay=readline.readline_redisplay
readline_write_history=readline.readline_write_history
readlink=standard.readlink
realpath=standard.realpath
realpath_cache_get=standard.realpath_cache_get
realpath_cache_size=standard.realpath_cache_size
recode=recode.recode
recode_file=recode.recode_file
recode_string=recode.recode_string
register_shutdown_function=standard.register_shutdown_function
register_tick_function=standard.register_tick_function
rename=standard.rename
reset=standard.reset
restore_error_handler=core.restore_error_handler
restore_exception_handler=core.restore_exception_handler
restore_include_path=standard.restore_include_path
rewind=standard.rewind
rewinddir=standard.rewinddir
rmdir=standard.rmdir
round=standard.round
rsort=standard.rsort
rtrim=standard.rtrim
scandir=standard.scandir
sem_acquire=sysvsem.sem_acquire
sem_get=sysvsem.sem_get
sem_release=sysvsem.sem_release
sem_remove=sysvsem.sem_remove
serialize=standard.serialize
session_commit=session.session_commit
set_error_handler=core.set_error_handler
set_exception_handler=core.set_exception_handler
set_file_buffer=standard.set_file_buffer
set_include_path=standard.set_include_path
set_magic_quotes_runtime=standard.set_magic_quotes_runtime
setcookie=standard.setcookie
setlocale=standard.setlocale
setrawcookie=standard.setrawcookie
settype=standard.settype
sha1=hash.sha1
sha1=standard.sha1
sha1_file=hash.sha1_file
sha1_file=standard.sha1_file
shell_exec=standard.shell_exec
shm_attach=sysvshm.shm_attach
shm_detach=sysvshm.shm_detach
shm_get_var=sysvshm.shm_get_var
shm_has_var=sysvshm.shm_has_var
shm_put_var=sysvshm.shm_put_var
shm_remove=sysvshm.shm_remove
shm_remove_var=sysvshm.shm_remove_var
shmop_close=shmop.shmop_close
shmop_delete=shmop.shmop_delete
shmop_open=shmop.shmop_open
shmop_read=shmop.shmop_read
shmop_size=shmop.shmop_size
shmop_write=shmop.shmop_write
show_source=standard.show_source
shuffle=standard.shuffle
similar_text=standard.similar_text
simplexml_import_dom=simplexml.simplexml_import_dom
simplexml_load_file=simplexml.simplexml_load_file
simplexml_load_string=simplexml.simplexml_load_string
sin=standard.sin
sinh=standard.sinh
sizeof=standard.sizeof
sleep=standard.sleep
snmp2_get=snmp.snmp2_get
snmp2_getnext=snmp.snmp2_getnext
snmp2_real_walk=snmp.snmp2_real_walk
snmp2_set=snmp.snmp2_set
snmp2_walk=snmp.snmp2_walk
snmp3_get=snmp.snmp3_get
snmp3_getnext=snmp.snmp3_getnext
snmp3_real_walk=snmp.snmp3_real_walk
snmp3_set=snmp.snmp3_set
snmp3_walk=snmp.snmp3_walk
snmp_get_quick_print=snmp.snmp_get_quick_print
snmp_get_valueretrieval=snmp.snmp_get_valueretrieval
snmp_read_mib=snmp.snmp_read_mib
snmp_set_enum_print=snmp.snmp_set_enum_print
snmp_set_oid_numeric_print=snmp.snmp_set_oid_numeric_print
snmp_set_oid_output_format=snmp.snmp_set_oid_output_format
snmp_set_quick_print=snmp.snmp_set_quick_print
snmp_set_valueretrieval=snmp.snmp_set_valueretrieval
snmpget=snmp.snmpget
snmpgetnext=snmp.snmpgetnext
snmprealwalk=snmp.snmprealwalk
snmpset=snmp.snmpset
snmpwalk=snmp.snmpwalk
snmpwalkoid=snmp.snmpwalkoid
soap_encode_to_xml=soap.soap_encode_to_xml
soap_encode_to_zval=soap.soap_encode_to_zval
socket_accept=sockets.socket_accept
socket_bind=sockets.socket_bind
socket_clear_error=sockets.socket_clear_error
socket_close=sockets.socket_close
socket_connect=sockets.socket_connect
socket_create=sockets.socket_create
socket_create_listen=sockets.socket_create_listen
socket_create_pair=sockets.socket_create_pair
socket_get_option=sockets.socket_get_option
socket_get_status=standard.socket_get_status
socket_getopt=sockets.socket_getopt
socket_getpeername=sockets.socket_getpeername
socket_getsockname=sockets.socket_getsockname
socket_import_stream=sockets.socket_import_stream
socket_last_error=sockets.socket_last_error
socket_listen=sockets.socket_listen
socket_read=sockets.socket_read
socket_recv=sockets.socket_recv
socket_recvfrom=sockets.socket_recvfrom
socket_select=sockets.socket_select
socket_send=sockets.socket_send
socket_sendto=sockets.socket_sendto
socket_set_block=sockets.socket_set_block
socket_set_blocking=standard.socket_set_blocking
socket_set_nonblock=sockets.socket_set_nonblock
socket_set_option=sockets.socket_set_option
socket_set_timeout=standard.socket_set_timeout
socket_setopt=sockets.socket_setopt
socket_shutdown=sockets.socket_shutdown
socket_strerror=sockets.socket_strerror
socket_write=sockets.socket_write
solid_fetch_prev=odbc.solid_fetch_prev
sort=standard.sort
soundex=standard.soundex
spl_autoload=spl.spl_autoload
spl_autoload_call=spl.spl_autoload_call
spl_autoload_extensions=spl.spl_autoload_extensions
spl_autoload_functions=spl.spl_autoload_functions
spl_autoload_register=spl.spl_autoload_register
spl_autoload_unregister=spl.spl_autoload_unregister
spl_classes=spl.spl_classes
spl_object_hash=spl.spl_object_hash
split=ereg.split
spliti=ereg.spliti
sprintf=standard.sprintf
sqrt=standard.sqrt
srand=standard.srand
sscanf=standard.sscanf
stat=standard.stat
str_getcsv=standard.str_getcsv
str_ireplace=standard.str_ireplace
str_pad=standard.str_pad
str_repeat=standard.str_repeat
str_replace=standard.str_replace
str_rot13=standard.str_rot13
str_shuffle=standard.str_shuffle
str_split=standard.str_split
str_word_count=standard.str_word_count
strcasecmp=core.strcasecmp
strchr=standard.strchr
strcmp=core.strcmp
strcoll=standard.strcoll
strcspn=standard.strcspn
stream_bucket_append=standard.stream_bucket_append
stream_bucket_make_writeable=standard.stream_bucket_make_writeable
stream_bucket_new=standard.stream_bucket_new
stream_bucket_prepend=standard.stream_bucket_prepend
stream_context_create=standard.stream_context_create
stream_context_get_default=standard.stream_context_get_default
stream_context_get_options=standard.stream_context_get_options
stream_context_get_params=standard.stream_context_get_params
stream_context_set_default=standard.stream_context_set_default
stream_context_set_option=standard.stream_context_set_option
stream_context_set_params=standard.stream_context_set_params
stream_copy_to_stream=standard.stream_copy_to_stream
stream_filter_append=standard.stream_filter_append
stream_filter_prepend=standard.stream_filter_prepend
stream_filter_register=standard.stream_filter_register
stream_filter_remove=standard.stream_filter_remove
stream_get_contents=standard.stream_get_contents
stream_get_filters=standard.stream_get_filters
stream_get_line=standard.stream_get_line
stream_get_meta_data=standard.stream_get_meta_data
stream_get_transports=standard.stream_get_transports
stream_get_wrappers=standard.stream_get_wrappers
stream_is_local=standard.stream_is_local
stream_register_wrapper=standard.stream_register_wrapper
stream_resolve_include_path=standard.stream_resolve_include_path
stream_select=standard.stream_select
stream_set_blocking=standard.stream_set_blocking
stream_set_chunk_size=standard.stream_set_chunk_size
stream_set_read_buffer=standard.stream_set_read_buffer
stream_set_timeout=standard.stream_set_timeout
stream_set_write_buffer=standard.stream_set_write_buffer
stream_socket_accept=standard.stream_socket_accept
stream_socket_client=standard.stream_socket_client
stream_socket_enable_crypto=standard.stream_socket_enable_crypto
stream_socket_get_name=standard.stream_socket_get_name
stream_socket_pair=standard.stream_socket_pair
stream_socket_recvfrom=standard.stream_socket_recvfrom
stream_socket_sendto=standard.stream_socket_sendto
stream_socket_server=standard.stream_socket_server
stream_socket_shutdown=standard.stream_socket_shutdown
stream_supports_lock=standard.stream_supports_lock
strftime=date.strftime
strip_tags=standard.strip_tags
stripcslashes=standard.stripcslashes
stripos=standard.stripos
stripslashes=standard.stripslashes
stristr=standard.stristr
strlen=core.strlen
strnatcasecmp=standard.strnatcasecmp
strnatcmp=standard.strnatcmp
strncasecmp=core.strncasecmp
strncmp=core.strncmp
strpbrk=standard.strpbrk
strpos=standard.strpos
strptime=standard.strptime
strrchr=standard.strrchr
strrev=standard.strrev
strripos=standard.strripos
strrpos=standard.strrpos
strspn=standard.strspn
strstr=standard.strstr
strtok=standard.strtok
strtolower=standard.strtolower
strtotime=date.strtotime
strtoupper=standard.strtoupper
strtr=standard.strtr
strval=standard.strval
substr=standard.substr
substr_compare=standard.substr_compare
substr_count=standard.substr_count
substr_replace=standard.substr_replace
sybase_affected_rows=sybase_ct.sybase_affected_rows
sybase_close=sybase_ct.sybase_close
sybase_connect=sybase_ct.sybase_connect
sybase_data_seek=sybase_ct.sybase_data_seek
sybase_deadlock_retry_count=sybase_ct.sybase_deadlock_retry_count
sybase_fetch_array=sybase_ct.sybase_fetch_array
sybase_fetch_assoc=sybase_ct.sybase_fetch_assoc
sybase_fetch_field=sybase_ct.sybase_fetch_field
sybase_fetch_object=sybase_ct.sybase_fetch_object
sybase_fetch_row=sybase_ct.sybase_fetch_row
sybase_field_seek=sybase_ct.sybase_field_seek
sybase_free_result=sybase_ct.sybase_free_result
sybase_get_last_message=sybase_ct.sybase_get_last_message
sybase_min_client_severity=sybase_ct.sybase_min_client_severity
sybase_min_server_severity=sybase_ct.sybase_min_server_severity
sybase_num_fields=sybase_ct.sybase_num_fields
sybase_num_rows=sybase_ct.sybase_num_rows
sybase_pconnect=sybase_ct.sybase_pconnect
sybase_query=sybase_ct.sybase_query
sybase_result=sybase_ct.sybase_result
sybase_select_db=sybase_ct.sybase_select_db
sybase_set_message_handler=sybase_ct.sybase_set_message_handler
sybase_unbuffered_query=sybase_ct.sybase_unbuffered_query
symlink=standard.symlink
sys_get_temp_dir=standard.sys_get_temp_dir
sys_getloadavg=standard.sys_getloadavg
syslog=standard.syslog
system=standard.system
tan=standard.tan
tanh=standard.tanh
tempnam=standard.tempnam
textdomain=gettext.textdomain
time=date.time
time_nanosleep=standard.time_nanosleep
time_sleep_until=standard.time_sleep_until
timezone_abbreviations_list=date.timezone_abbreviations_list
timezone_identifiers_list=date.timezone_identifiers_list
timezone_location_get=date.timezone_location_get
timezone_name_from_abbr=date.timezone_name_from_abbr
timezone_name_get=date.timezone_name_get
timezone_offset_get=date.timezone_offset_get
timezone_open=date.timezone_open
timezone_transitions_get=date.timezone_transitions_get
timezone_version_get=date.timezone_version_get
tmpfile=standard.tmpfile
token_get_all=tokenizer.token_get_all
token_name=tokenizer.token_name
touch=standard.touch
trait_exists=core.trait_exists
trigger_error=core.trigger_error
trim=standard.trim
uasort=standard.uasort
ucfirst=standard.ucfirst
ucwords=standard.ucwords
uksort=standard.uksort
umask=standard.umask
uniqid=standard.uniqid
unixtojd=calendar.unixtojd
unlink=standard.unlink
unpack=standard.unpack
unregister_tick_function=standard.unregister_tick_function
unserialize=standard.unserialize
urldecode=standard.urldecode
urlencode=standard.urlencode
use_soap_error_handler=soap.use_soap_error_handler
user_filter_nop=standard.user_filter_nop
user_printf=standard.user_printf
user_sprintf=standard.user_sprintf
usleep=standard.usleep
usort=standard.usort
utf8_decode=xml.utf8_decode
utf8_encode=xml.utf8_encode
var_dump=standard.var_dump
var_export=standard.var_export
velocis_autocommit=odbc.velocis_autocommit
velocis_close=odbc.velocis_close
velocis_commit=odbc.velocis_commit
velocis_connect=odbc.velocis_connect
velocis_exec=odbc.velocis_exec
velocis_fetch=odbc.velocis_fetch
velocis_fieldname=odbc.velocis_fieldname
velocis_fieldnum=odbc.velocis_fieldnum
velocis_freeresult=odbc.velocis_freeresult
velocis_off_autocommit=odbc.velocis_off_autocommit
velocis_result=odbc.velocis_result
velocis_rollback=odbc.velocis_rollback
version_compare=standard.version_compare
vfprintf=standard.vfprintf
vprintf=standard.vprintf
vsprintf=standard.vsprintf
wddx_add_vars=wddx.wddx_add_vars
wddx_deserialize=wddx.wddx_deserialize
wddx_packet_end=wddx.wddx_packet_end
wddx_packet_start=wddx.wddx_packet_start
wddx_serialize_value=wddx.wddx_serialize_value
wddx_serialize_vars=wddx.wddx_serialize_vars
wordwrap=standard.wordwrap
xml_error_string=xml.xml_error_string
xml_get_current_byte_index=xml.xml_get_current_byte_index
xml_get_current_column_number=xml.xml_get_current_column_number
xml_get_current_line_number=xml.xml_get_current_line_number
xml_get_error_code=xml.xml_get_error_code
xml_parse=xml.xml_parse
xml_parse_into_struct=xml.xml_parse_into_struct
xml_parser_create=xml.xml_parser_create
xml_parser_create_ns=xml.xml_parser_create_ns
xml_parser_free=xml.xml_parser_free
xml_parser_get_option=xml.xml_parser_get_option
xml_parser_set_option=xml.xml_parser_set_option
xml_set_character_data_handler=xml.xml_set_character_data_handler
xml_set_default_handler=xml.xml_set_default_handler
xml_set_element_handler=xml.xml_set_element_handler
xml_set_end_namespace_decl_handler=xml.xml_set_end_namespace_decl_handler
xml_set_external_entity_ref_handler=xml.xml_set_external_entity_ref_handler
xml_set_notation_decl_handler=xml.xml_set_notation_decl_handler
xml_set_object=xml.xml_set_object
xml_set_processing_instruction_handler=xml.xml_set_processing_instruction_handler
xml_set_start_namespace_decl_handler=xml.xml_set_start_namespace_decl_handler
xml_set_unparsed_entity_decl_handler=xml.xml_set_unparsed_entity_decl_handler
xmlrpc_decode=xmlrpc.xmlrpc_decode
xmlrpc_decode_request=xmlrpc.xmlrpc_decode_request
xmlrpc_encode=xmlrpc.xmlrpc_encode
xmlrpc_encode_request=xmlrpc.xmlrpc_encode_request
xmlrpc_get_type=xmlrpc.xmlrpc_get_type
xmlrpc_is_fault=xmlrpc.xmlrpc_is_fault
xmlrpc_parse_method_descriptions=xmlrpc.xmlrpc_parse_method_descriptions
xmlrpc_server_add_introspection_data=xmlrpc.xmlrpc_server_add_introspection_data
xmlrpc_server_call_method=xmlrpc.xmlrpc_server_call_method
xmlrpc_server_create=xmlrpc.xmlrpc_server_create
xmlrpc_server_destroy=xmlrpc.xmlrpc_server_destroy
xmlrpc_server_register_introspection_callback=xmlrpc.xmlrpc_server_register_introspection_callback
xmlrpc_server_register_method=xmlrpc.xmlrpc_server_register_method
xmlrpc_set_type=xmlrpc.xmlrpc_set_type
xsl_xsltprocessor_get_parameter=xsl.xsl_xsltprocessor_get_parameter
xsl_xsltprocessor_get_security_prefs=xsl.xsl_xsltprocessor_get_security_prefs
xsl_xsltprocessor_has_exslt_support=xsl.xsl_xsltprocessor_has_exslt_support
xsl_xsltprocessor_import_stylesheet=xsl.xsl_xsltprocessor_import_stylesheet
xsl_xsltprocessor_register_php_functions=xsl.xsl_xsltprocessor_register_php_functions
xsl_xsltprocessor_remove_parameter=xsl.xsl_xsltprocessor_remove_parameter
xsl_xsltprocessor_set_parameter=xsl.xsl_xsltprocessor_set_parameter
xsl_xsltprocessor_set_profiling=xsl.xsl_xsltprocessor_set_profiling
xsl_xsltprocessor_set_security_prefs=xsl.xsl_xsltprocessor_set_security_prefs
xsl_xsltprocessor_transform_to_doc=xsl.xsl_xsltprocessor_transform_to_doc
xsl_xsltprocessor_transform_to_uri=xsl.xsl_xsltprocessor_transform_to_uri
xsl_xsltprocessor_transform_to_xml=xsl.xsl_xsltprocessor_transform_to_xml
zend_logo_guid=standard.zend_logo_guid
zend_test_func=core.zend_test_func
zend_thread_id=core.zend_thread_id
zend_version=core.zend_version
